
dulo de test, para la clase MyList

#Importando nuestra la clase MyList
>>> MyList = __import__('1-my_list').MyList
>>> ml = MyList()
>>> ml
[]
>>> ml.print_sorted()
[]
>>> repr(ml)
'[]'

# Añadir elementos a la lista
>>> ml.append(3)
>>> ml.append(1)
>>> ml.append(2)
>>> ml
[3, 1, 2]

# Ordenar e imprimir la lista
>>> ml.print_sorted()
[1, 2, 3]

# Comprobar que la lista original no se modificó después de ordenarla
>>> ml
[3, 1, 2]

# Comprobar el método __repr__
>>> repr(ml)
'[3, 1, 2]'

# Crear una lista con elementos iniciales
>>> ml = MyList([4, 2, 9, 3, 5])
>>> ml
[4, 2, 9, 3, 5]

# Ordenar e imprimir la lista
>>> ml.print_sorted()
[2, 3, 4, 5, 9]

# Comprobar que la lista original no se modificó después de ordenarla
>>> ml
[4, 2, 9, 3, 5]

# Crear una lista con elementos mixtos (números y strings)
>>> ml = MyList([3, 2, 1, 'tres', 'dos', 'uno'])
>>> ml
[3, 2, 1, 'tres', 'dos', 'uno']

# Ordenar e imprimir la lista (esto debería dar un error porque no se pueden ordenar números y strings juntos)
>>> ml.print_sorted()
Traceback (most recent call last):
    ...
TypeError: '<' not supported between instances of 'str' and 'int'

# Comprobar el método __repr__
>>> repr(ml)
"[3, 2, 1, 'tres', 'dos', 'uno']"
